// Jest Snapshot v1, https://goo.gl/fbAQLP

exports[`DayCard component tests renders with props 1`] = `ShallowWrapper {}`;
