// Jest Snapshot v1, https://goo.gl/fbAQLP

exports[`Search component tests renders without crashing 1`] = `ShallowWrapper {}`;
